// Jest Snapshot v1, https://goo.gl/fbAQLP

exports[`workflow_run 1`] = `
[
  [
    {
      "resource": Resource {
        "_asyncAttributesPromise": undefined,
        "_attributes": {
          "service.name": "example-metric-service",
          "service.namespace": "samples",
          "telemetry.sdk.language": "nodejs",
          "telemetry.sdk.name": "opentelemetry",
          "telemetry.sdk.version": "1.15.0",
        },
        "_syncAttributes": {
          "service.name": "example-metric-service",
          "service.namespace": "samples",
          "telemetry.sdk.language": "nodejs",
          "telemetry.sdk.name": "opentelemetry",
          "telemetry.sdk.version": "1.15.0",
        },
        "asyncAttributesPending": false,
      },
      "scopeMetrics": [
        {
          "metrics": [
            {
              "aggregationTemporality": 1,
              "dataPointType": 3,
              "dataPoints": [
                {
                  "attributes": {
                    "branch.is_default": true,
                    "branch.name": "main",
                    "event.sender": "Codertocat",
                    "event.sender_type": "User",
                    "repository.name": "octo-repo",
                    "repository.owner": "octo-org",
                    "workflow_run.conclusion": null,
                    "workflow_run.event": "workflow_dispatch",
                    "workflow_run.id": 1589141559,
                    "workflow_run.name": "Manually triggered workflow",
                    "workflow_run.pull_requests": [],
                    "workflow_run.run_attempt": 1,
                  },
                  "endTime": [
                    1691726400,
                    0,
                  ],
                  "startTime": [
                    1691726400,
                    0,
                  ],
                  "value": 1,
                },
              ],
              "descriptor": {
                "description": "",
                "name": "github.actions.workflow_run.total",
                "type": "COUNTER",
                "unit": "",
                "valueType": 1,
              },
              "isMonotonic": true,
            },
            {
              "aggregationTemporality": 1,
              "dataPointType": 0,
              "dataPoints": [
                {
                  "attributes": {
                    "branch.is_default": true,
                    "branch.name": "main",
                    "event.sender": "Codertocat",
                    "event.sender_type": "User",
                    "repository.name": "octo-repo",
                    "repository.owner": "octo-org",
                    "workflow_run.conclusion": null,
                    "workflow_run.event": "workflow_dispatch",
                    "workflow_run.id": 1589141559,
                    "workflow_run.name": "Manually triggered workflow",
                    "workflow_run.pull_requests": [],
                    "workflow_run.run_attempt": 1,
                  },
                  "endTime": [
                    1691726400,
                    0,
                  ],
                  "startTime": [
                    1691726400,
                    0,
                  ],
                  "value": {
                    "buckets": {
                      "boundaries": [
                        0,
                        5,
                        10,
                        25,
                        50,
                        75,
                        100,
                        250,
                        500,
                        750,
                        1000,
                        2500,
                        5000,
                        7500,
                        10000,
                      ],
                      "counts": [
                        0,
                        1,
                        0,
                        0,
                        0,
                        0,
                        0,
                        0,
                        0,
                        0,
                        0,
                        0,
                        0,
                        0,
                        0,
                        0,
                      ],
                    },
                    "count": 1,
                    "max": 0,
                    "min": 0,
                    "sum": 0,
                  },
                },
              ],
              "descriptor": {
                "description": "",
                "name": "github.actions.workflow_run.duration",
                "type": "HISTOGRAM",
                "unit": "seconds",
                "valueType": 1,
              },
            },
          ],
          "scope": {
            "name": "workflow-run",
            "schemaUrl": undefined,
            "version": "",
          },
        },
      ],
    },
    [Function],
  ],
]
`;
