// Jest Snapshot v1, https://goo.gl/fbAQLP

exports[`pull_request_closed 1`] = `
Array [
  Object {
    "body": Object {
      "series": Array [
        Object {
          "host": "github.com",
          "metric": "github.actions.pull_request_closed.total",
          "points": Array [
            Array [
              1558279233,
              1,
            ],
          ],
          "tags": Array [
            "repository_owner:Codertocat",
            "repository_name:Hello-World",
            "sender:Codertocat",
            "sender_type:User",
            "user:Codertocat",
            "pull_request_number:2",
            "draft:false",
            "base_ref:master",
            "head_ref:changes",
            "merged:false",
          ],
          "type": "count",
        },
        Object {
          "host": "github.com",
          "metric": "github.actions.pull_request_closed.since_opened_seconds",
          "points": Array [
            Array [
              1558279233,
              345600,
            ],
          ],
          "tags": Array [
            "repository_owner:Codertocat",
            "repository_name:Hello-World",
            "sender:Codertocat",
            "sender_type:User",
            "user:Codertocat",
            "pull_request_number:2",
            "draft:false",
            "base_ref:master",
            "head_ref:changes",
            "merged:false",
          ],
          "type": "gauge",
        },
        Object {
          "host": "github.com",
          "metric": "github.actions.pull_request_closed.commits",
          "points": Array [
            Array [
              1558279233,
              1,
            ],
          ],
          "tags": Array [
            "repository_owner:Codertocat",
            "repository_name:Hello-World",
            "sender:Codertocat",
            "sender_type:User",
            "user:Codertocat",
            "pull_request_number:2",
            "draft:false",
            "base_ref:master",
            "head_ref:changes",
            "merged:false",
          ],
          "type": "count",
        },
        Object {
          "host": "github.com",
          "metric": "github.actions.pull_request_closed.changed_files",
          "points": Array [
            Array [
              1558279233,
              1,
            ],
          ],
          "tags": Array [
            "repository_owner:Codertocat",
            "repository_name:Hello-World",
            "sender:Codertocat",
            "sender_type:User",
            "user:Codertocat",
            "pull_request_number:2",
            "draft:false",
            "base_ref:master",
            "head_ref:changes",
            "merged:false",
          ],
          "type": "count",
        },
        Object {
          "host": "github.com",
          "metric": "github.actions.pull_request_closed.additions",
          "points": Array [
            Array [
              1558279233,
              1,
            ],
          ],
          "tags": Array [
            "repository_owner:Codertocat",
            "repository_name:Hello-World",
            "sender:Codertocat",
            "sender_type:User",
            "user:Codertocat",
            "pull_request_number:2",
            "draft:false",
            "base_ref:master",
            "head_ref:changes",
            "merged:false",
          ],
          "type": "count",
        },
        Object {
          "host": "github.com",
          "metric": "github.actions.pull_request_closed.deletions",
          "points": Array [
            Array [
              1558279233,
              1,
            ],
          ],
          "tags": Array [
            "repository_owner:Codertocat",
            "repository_name:Hello-World",
            "sender:Codertocat",
            "sender_type:User",
            "user:Codertocat",
            "pull_request_number:2",
            "draft:false",
            "base_ref:master",
            "head_ref:changes",
            "merged:false",
          ],
          "type": "count",
        },
        Object {
          "host": "github.com",
          "metric": "github.actions.pull_request_closed.since_first_authored_seconds",
          "points": Array [
            Array [
              1558279233,
              346822,
            ],
          ],
          "tags": Array [
            "repository_owner:Codertocat",
            "repository_name:Hello-World",
            "sender:Codertocat",
            "sender_type:User",
            "user:Codertocat",
            "pull_request_number:2",
            "draft:false",
            "base_ref:master",
            "head_ref:changes",
            "merged:false",
          ],
          "type": "gauge",
        },
        Object {
          "host": "github.com",
          "metric": "github.actions.pull_request_closed.since_first_committed_seconds",
          "points": Array [
            Array [
              1558279233,
              346151,
            ],
          ],
          "tags": Array [
            "repository_owner:Codertocat",
            "repository_name:Hello-World",
            "sender:Codertocat",
            "sender_type:User",
            "user:Codertocat",
            "pull_request_number:2",
            "draft:false",
            "base_ref:master",
            "head_ref:changes",
            "merged:false",
          ],
          "type": "gauge",
        },
        Object {
          "host": "github.com",
          "metric": "github.actions.api_rate_limit.remaining",
          "points": Array [
            Array [
              1445412480,
              3999,
            ],
          ],
          "tags": Array [
            "repository_owner:Codertocat",
            "repository_name:Hello-World",
            "resource:core",
          ],
          "type": "gauge",
        },
        Object {
          "host": "github.com",
          "metric": "github.actions.api_rate_limit.limit",
          "points": Array [
            Array [
              1445412480,
              5000,
            ],
          ],
          "tags": Array [
            "repository_owner:Codertocat",
            "repository_name:Hello-World",
            "resource:core",
          ],
          "type": "gauge",
        },
        Object {
          "host": "github.com",
          "metric": "github.actions.api_rate_limit.remaining",
          "points": Array [
            Array [
              1445412480,
              999,
            ],
          ],
          "tags": Array [
            "repository_owner:Codertocat",
            "repository_name:Hello-World",
            "resource:search",
          ],
          "type": "gauge",
        },
        Object {
          "host": "github.com",
          "metric": "github.actions.api_rate_limit.limit",
          "points": Array [
            Array [
              1445412480,
              6000,
            ],
          ],
          "tags": Array [
            "repository_owner:Codertocat",
            "repository_name:Hello-World",
            "resource:search",
          ],
          "type": "gauge",
        },
        Object {
          "host": "github.com",
          "metric": "github.actions.api_rate_limit.remaining",
          "points": Array [
            Array [
              1445412480,
              4999,
            ],
          ],
          "tags": Array [
            "repository_owner:Codertocat",
            "repository_name:Hello-World",
            "resource:graphql",
          ],
          "type": "gauge",
        },
        Object {
          "host": "github.com",
          "metric": "github.actions.api_rate_limit.limit",
          "points": Array [
            Array [
              1445412480,
              7000,
            ],
          ],
          "tags": Array [
            "repository_owner:Codertocat",
            "repository_name:Hello-World",
            "resource:graphql",
          ],
          "type": "gauge",
        },
      ],
    },
  },
]
`;

exports[`pull_request_opened 1`] = `
Array [
  Object {
    "body": Object {
      "series": Array [
        Object {
          "host": "github.com",
          "metric": "github.actions.pull_request_opened.total",
          "points": Array [
            Array [
              1557933633,
              1,
            ],
          ],
          "tags": Array [
            "repository_owner:Codertocat",
            "repository_name:Hello-World",
            "sender:Codertocat",
            "sender_type:User",
            "user:Codertocat",
            "pull_request_number:2",
            "draft:false",
            "base_ref:master",
            "head_ref:changes",
          ],
          "type": "count",
        },
        Object {
          "host": "github.com",
          "metric": "github.actions.pull_request_opened.commits",
          "points": Array [
            Array [
              1557933633,
              1,
            ],
          ],
          "tags": Array [
            "repository_owner:Codertocat",
            "repository_name:Hello-World",
            "sender:Codertocat",
            "sender_type:User",
            "user:Codertocat",
            "pull_request_number:2",
            "draft:false",
            "base_ref:master",
            "head_ref:changes",
          ],
          "type": "count",
        },
        Object {
          "host": "github.com",
          "metric": "github.actions.pull_request_opened.changed_files",
          "points": Array [
            Array [
              1557933633,
              1,
            ],
          ],
          "tags": Array [
            "repository_owner:Codertocat",
            "repository_name:Hello-World",
            "sender:Codertocat",
            "sender_type:User",
            "user:Codertocat",
            "pull_request_number:2",
            "draft:false",
            "base_ref:master",
            "head_ref:changes",
          ],
          "type": "count",
        },
        Object {
          "host": "github.com",
          "metric": "github.actions.pull_request_opened.additions",
          "points": Array [
            Array [
              1557933633,
              1,
            ],
          ],
          "tags": Array [
            "repository_owner:Codertocat",
            "repository_name:Hello-World",
            "sender:Codertocat",
            "sender_type:User",
            "user:Codertocat",
            "pull_request_number:2",
            "draft:false",
            "base_ref:master",
            "head_ref:changes",
          ],
          "type": "count",
        },
        Object {
          "host": "github.com",
          "metric": "github.actions.pull_request_opened.deletions",
          "points": Array [
            Array [
              1557933633,
              1,
            ],
          ],
          "tags": Array [
            "repository_owner:Codertocat",
            "repository_name:Hello-World",
            "sender:Codertocat",
            "sender_type:User",
            "user:Codertocat",
            "pull_request_number:2",
            "draft:false",
            "base_ref:master",
            "head_ref:changes",
          ],
          "type": "count",
        },
        Object {
          "host": "github.com",
          "metric": "github.actions.api_rate_limit.remaining",
          "points": Array [
            Array [
              1445412480,
              3999,
            ],
          ],
          "tags": Array [
            "repository_owner:Codertocat",
            "repository_name:Hello-World",
            "resource:core",
          ],
          "type": "gauge",
        },
        Object {
          "host": "github.com",
          "metric": "github.actions.api_rate_limit.limit",
          "points": Array [
            Array [
              1445412480,
              5000,
            ],
          ],
          "tags": Array [
            "repository_owner:Codertocat",
            "repository_name:Hello-World",
            "resource:core",
          ],
          "type": "gauge",
        },
        Object {
          "host": "github.com",
          "metric": "github.actions.api_rate_limit.remaining",
          "points": Array [
            Array [
              1445412480,
              999,
            ],
          ],
          "tags": Array [
            "repository_owner:Codertocat",
            "repository_name:Hello-World",
            "resource:search",
          ],
          "type": "gauge",
        },
        Object {
          "host": "github.com",
          "metric": "github.actions.api_rate_limit.limit",
          "points": Array [
            Array [
              1445412480,
              6000,
            ],
          ],
          "tags": Array [
            "repository_owner:Codertocat",
            "repository_name:Hello-World",
            "resource:search",
          ],
          "type": "gauge",
        },
        Object {
          "host": "github.com",
          "metric": "github.actions.api_rate_limit.remaining",
          "points": Array [
            Array [
              1445412480,
              4999,
            ],
          ],
          "tags": Array [
            "repository_owner:Codertocat",
            "repository_name:Hello-World",
            "resource:graphql",
          ],
          "type": "gauge",
        },
        Object {
          "host": "github.com",
          "metric": "github.actions.api_rate_limit.limit",
          "points": Array [
            Array [
              1445412480,
              7000,
            ],
          ],
          "tags": Array [
            "repository_owner:Codertocat",
            "repository_name:Hello-World",
            "resource:graphql",
          ],
          "type": "gauge",
        },
      ],
    },
  },
]
`;

exports[`workflow_run 1`] = `
Array [
  Object {
    "body": Object {
      "series": Array [
        Object {
          "host": "github.com",
          "metric": "github.actions.workflow_run.total",
          "points": Array [
            Array [
              1579721588,
              1,
            ],
          ],
          "tags": Array [
            "repository_owner:octocat",
            "repository_name:Hello-World",
            "workflow_id:30433642",
            "workflow_name:Build",
            "event:push",
            "sender:Codertocat",
            "sender_type:User",
            "branch:master",
            "default_branch:false",
            "conclusion:success",
          ],
          "type": "count",
        },
        Object {
          "host": "github.com",
          "metric": "github.actions.workflow_run.conclusion.success_total",
          "points": Array [
            Array [
              1579721588,
              1,
            ],
          ],
          "tags": Array [
            "repository_owner:octocat",
            "repository_name:Hello-World",
            "workflow_id:30433642",
            "workflow_name:Build",
            "event:push",
            "sender:Codertocat",
            "sender_type:User",
            "branch:master",
            "default_branch:false",
            "conclusion:success",
          ],
          "type": "count",
        },
        Object {
          "host": "github.com",
          "metric": "github.actions.workflow_run.duration_second",
          "points": Array [
            Array [
              1579721588,
              0,
            ],
          ],
          "tags": Array [
            "repository_owner:octocat",
            "repository_name:Hello-World",
            "workflow_id:30433642",
            "workflow_name:Build",
            "event:push",
            "sender:Codertocat",
            "sender_type:User",
            "branch:master",
            "default_branch:false",
            "conclusion:success",
          ],
          "type": "gauge",
        },
        Object {
          "host": "github.com",
          "metric": "github.actions.api_rate_limit.remaining",
          "points": Array [
            Array [
              1445412480,
              3999,
            ],
          ],
          "tags": Array [
            "repository_owner:Codertocat",
            "repository_name:Hello-World",
            "resource:core",
          ],
          "type": "gauge",
        },
        Object {
          "host": "github.com",
          "metric": "github.actions.api_rate_limit.limit",
          "points": Array [
            Array [
              1445412480,
              5000,
            ],
          ],
          "tags": Array [
            "repository_owner:Codertocat",
            "repository_name:Hello-World",
            "resource:core",
          ],
          "type": "gauge",
        },
        Object {
          "host": "github.com",
          "metric": "github.actions.api_rate_limit.remaining",
          "points": Array [
            Array [
              1445412480,
              999,
            ],
          ],
          "tags": Array [
            "repository_owner:Codertocat",
            "repository_name:Hello-World",
            "resource:search",
          ],
          "type": "gauge",
        },
        Object {
          "host": "github.com",
          "metric": "github.actions.api_rate_limit.limit",
          "points": Array [
            Array [
              1445412480,
              6000,
            ],
          ],
          "tags": Array [
            "repository_owner:Codertocat",
            "repository_name:Hello-World",
            "resource:search",
          ],
          "type": "gauge",
        },
        Object {
          "host": "github.com",
          "metric": "github.actions.api_rate_limit.remaining",
          "points": Array [
            Array [
              1445412480,
              4999,
            ],
          ],
          "tags": Array [
            "repository_owner:Codertocat",
            "repository_name:Hello-World",
            "resource:graphql",
          ],
          "type": "gauge",
        },
        Object {
          "host": "github.com",
          "metric": "github.actions.api_rate_limit.limit",
          "points": Array [
            Array [
              1445412480,
              7000,
            ],
          ],
          "tags": Array [
            "repository_owner:Codertocat",
            "repository_name:Hello-World",
            "resource:graphql",
          ],
          "type": "gauge",
        },
      ],
    },
  },
]
`;

exports[`workflow_run with collectJobMetrics 1`] = `
Array [
  Object {
    "body": Object {
      "series": Array [
        Object {
          "host": "github.com",
          "metric": "github.actions.workflow_run.total",
          "points": Array [
            Array [
              1579721588,
              1,
            ],
          ],
          "tags": Array [
            "repository_owner:octocat",
            "repository_name:Hello-World",
            "workflow_id:30433642",
            "workflow_name:Build",
            "event:push",
            "sender:Codertocat",
            "sender_type:User",
            "branch:master",
            "default_branch:false",
            "conclusion:success",
          ],
          "type": "count",
        },
        Object {
          "host": "github.com",
          "metric": "github.actions.workflow_run.conclusion.success_total",
          "points": Array [
            Array [
              1579721588,
              1,
            ],
          ],
          "tags": Array [
            "repository_owner:octocat",
            "repository_name:Hello-World",
            "workflow_id:30433642",
            "workflow_name:Build",
            "event:push",
            "sender:Codertocat",
            "sender_type:User",
            "branch:master",
            "default_branch:false",
            "conclusion:success",
          ],
          "type": "count",
        },
        Object {
          "host": "github.com",
          "metric": "github.actions.workflow_run.duration_second",
          "points": Array [
            Array [
              1579721588,
              0,
            ],
          ],
          "tags": Array [
            "repository_owner:octocat",
            "repository_name:Hello-World",
            "workflow_id:30433642",
            "workflow_name:Build",
            "event:push",
            "sender:Codertocat",
            "sender_type:User",
            "branch:master",
            "default_branch:false",
            "conclusion:success",
          ],
          "type": "gauge",
        },
        Object {
          "host": "github.com",
          "metric": "github.actions.workflow_run.queued_duration_second",
          "points": Array [
            Array [
              1579721588,
              -179428,
            ],
          ],
          "tags": Array [
            "repository_owner:octocat",
            "repository_name:Hello-World",
            "workflow_id:30433642",
            "workflow_name:Build",
            "event:push",
            "sender:Codertocat",
            "sender_type:User",
            "branch:master",
            "default_branch:false",
            "conclusion:success",
          ],
          "type": "gauge",
        },
        Object {
          "host": "github.com",
          "metric": "github.actions.job.total",
          "points": Array [
            Array [
              1579542279,
              1,
            ],
          ],
          "tags": Array [
            "repository_owner:octocat",
            "repository_name:Hello-World",
            "workflow_id:30433642",
            "workflow_name:Build",
            "event:push",
            "sender:Codertocat",
            "sender_type:User",
            "branch:master",
            "default_branch:false",
            "job_id:399444496",
            "job_name:build",
            "conclusion:success",
            "status:completed",
            "runs_on:ubuntu-latest",
          ],
          "type": "count",
        },
        Object {
          "host": "github.com",
          "metric": "github.actions.job.conclusion.success_total",
          "points": Array [
            Array [
              1579542279,
              1,
            ],
          ],
          "tags": Array [
            "repository_owner:octocat",
            "repository_name:Hello-World",
            "workflow_id:30433642",
            "workflow_name:Build",
            "event:push",
            "sender:Codertocat",
            "sender_type:User",
            "branch:master",
            "default_branch:false",
            "job_id:399444496",
            "job_name:build",
            "conclusion:success",
            "status:completed",
            "runs_on:ubuntu-latest",
          ],
          "type": "count",
        },
        Object {
          "host": "github.com",
          "metric": "github.actions.job.duration_second",
          "points": Array [
            Array [
              1579542279,
              119,
            ],
          ],
          "tags": Array [
            "repository_owner:octocat",
            "repository_name:Hello-World",
            "workflow_id:30433642",
            "workflow_name:Build",
            "event:push",
            "sender:Codertocat",
            "sender_type:User",
            "branch:master",
            "default_branch:false",
            "job_id:399444496",
            "job_name:build",
            "conclusion:success",
            "status:completed",
            "runs_on:ubuntu-latest",
          ],
          "type": "gauge",
        },
        Object {
          "host": "github.com",
          "metric": "github.actions.job.queued_duration_second",
          "points": Array [
            Array [
              1579542279,
              0,
            ],
          ],
          "tags": Array [
            "repository_owner:octocat",
            "repository_name:Hello-World",
            "workflow_id:30433642",
            "workflow_name:Build",
            "event:push",
            "sender:Codertocat",
            "sender_type:User",
            "branch:master",
            "default_branch:false",
            "job_id:399444496",
            "job_name:build",
            "conclusion:success",
            "status:completed",
            "runs_on:ubuntu-latest",
          ],
          "type": "gauge",
        },
        Object {
          "host": "github.com",
          "metric": "github.actions.step.total",
          "points": Array [
            Array [
              1579542161,
              1,
            ],
          ],
          "tags": Array [
            "repository_owner:octocat",
            "repository_name:Hello-World",
            "workflow_id:30433642",
            "workflow_name:Build",
            "event:push",
            "sender:Codertocat",
            "sender_type:User",
            "branch:master",
            "default_branch:false",
            "job_id:399444496",
            "job_name:build",
            "step_name:Set up job",
            "step_number:1",
            "conclusion:success",
            "status:completed",
            "runs_on:ubuntu-latest",
          ],
          "type": "count",
        },
        Object {
          "host": "github.com",
          "metric": "github.actions.step.conclusion.success_total",
          "points": Array [
            Array [
              1579542161,
              1,
            ],
          ],
          "tags": Array [
            "repository_owner:octocat",
            "repository_name:Hello-World",
            "workflow_id:30433642",
            "workflow_name:Build",
            "event:push",
            "sender:Codertocat",
            "sender_type:User",
            "branch:master",
            "default_branch:false",
            "job_id:399444496",
            "job_name:build",
            "step_name:Set up job",
            "step_number:1",
            "conclusion:success",
            "status:completed",
            "runs_on:ubuntu-latest",
          ],
          "type": "count",
        },
        Object {
          "host": "github.com",
          "metric": "github.actions.step.duration_second",
          "points": Array [
            Array [
              1579542161,
              1,
            ],
          ],
          "tags": Array [
            "repository_owner:octocat",
            "repository_name:Hello-World",
            "workflow_id:30433642",
            "workflow_name:Build",
            "event:push",
            "sender:Codertocat",
            "sender_type:User",
            "branch:master",
            "default_branch:false",
            "job_id:399444496",
            "job_name:build",
            "step_name:Set up job",
            "step_number:1",
            "conclusion:success",
            "status:completed",
            "runs_on:ubuntu-latest",
          ],
          "type": "gauge",
        },
        Object {
          "host": "github.com",
          "metric": "github.actions.step.total",
          "points": Array [
            Array [
              1579542165,
              1,
            ],
          ],
          "tags": Array [
            "repository_owner:octocat",
            "repository_name:Hello-World",
            "workflow_id:30433642",
            "workflow_name:Build",
            "event:push",
            "sender:Codertocat",
            "sender_type:User",
            "branch:master",
            "default_branch:false",
            "job_id:399444496",
            "job_name:build",
            "step_name:Run actions/checkout@v2",
            "step_number:2",
            "conclusion:success",
            "status:completed",
            "runs_on:ubuntu-latest",
          ],
          "type": "count",
        },
        Object {
          "host": "github.com",
          "metric": "github.actions.step.conclusion.success_total",
          "points": Array [
            Array [
              1579542165,
              1,
            ],
          ],
          "tags": Array [
            "repository_owner:octocat",
            "repository_name:Hello-World",
            "workflow_id:30433642",
            "workflow_name:Build",
            "event:push",
            "sender:Codertocat",
            "sender_type:User",
            "branch:master",
            "default_branch:false",
            "job_id:399444496",
            "job_name:build",
            "step_name:Run actions/checkout@v2",
            "step_number:2",
            "conclusion:success",
            "status:completed",
            "runs_on:ubuntu-latest",
          ],
          "type": "count",
        },
        Object {
          "host": "github.com",
          "metric": "github.actions.step.duration_second",
          "points": Array [
            Array [
              1579542165,
              4,
            ],
          ],
          "tags": Array [
            "repository_owner:octocat",
            "repository_name:Hello-World",
            "workflow_id:30433642",
            "workflow_name:Build",
            "event:push",
            "sender:Codertocat",
            "sender_type:User",
            "branch:master",
            "default_branch:false",
            "job_id:399444496",
            "job_name:build",
            "step_name:Run actions/checkout@v2",
            "step_number:2",
            "conclusion:success",
            "status:completed",
            "runs_on:ubuntu-latest",
          ],
          "type": "gauge",
        },
        Object {
          "host": "github.com",
          "metric": "github.actions.step.total",
          "points": Array [
            Array [
              1579542165,
              1,
            ],
          ],
          "tags": Array [
            "repository_owner:octocat",
            "repository_name:Hello-World",
            "workflow_id:30433642",
            "workflow_name:Build",
            "event:push",
            "sender:Codertocat",
            "sender_type:User",
            "branch:master",
            "default_branch:false",
            "job_id:399444496",
            "job_name:build",
            "step_name:Set up Ruby",
            "step_number:3",
            "conclusion:success",
            "status:completed",
            "runs_on:ubuntu-latest",
          ],
          "type": "count",
        },
        Object {
          "host": "github.com",
          "metric": "github.actions.step.conclusion.success_total",
          "points": Array [
            Array [
              1579542165,
              1,
            ],
          ],
          "tags": Array [
            "repository_owner:octocat",
            "repository_name:Hello-World",
            "workflow_id:30433642",
            "workflow_name:Build",
            "event:push",
            "sender:Codertocat",
            "sender_type:User",
            "branch:master",
            "default_branch:false",
            "job_id:399444496",
            "job_name:build",
            "step_name:Set up Ruby",
            "step_number:3",
            "conclusion:success",
            "status:completed",
            "runs_on:ubuntu-latest",
          ],
          "type": "count",
        },
        Object {
          "host": "github.com",
          "metric": "github.actions.step.duration_second",
          "points": Array [
            Array [
              1579542165,
              0,
            ],
          ],
          "tags": Array [
            "repository_owner:octocat",
            "repository_name:Hello-World",
            "workflow_id:30433642",
            "workflow_name:Build",
            "event:push",
            "sender:Codertocat",
            "sender_type:User",
            "branch:master",
            "default_branch:false",
            "job_id:399444496",
            "job_name:build",
            "step_name:Set up Ruby",
            "step_number:3",
            "conclusion:success",
            "status:completed",
            "runs_on:ubuntu-latest",
          ],
          "type": "gauge",
        },
        Object {
          "host": "github.com",
          "metric": "github.actions.step.total",
          "points": Array [
            Array [
              1579542168,
              1,
            ],
          ],
          "tags": Array [
            "repository_owner:octocat",
            "repository_name:Hello-World",
            "workflow_id:30433642",
            "workflow_name:Build",
            "event:push",
            "sender:Codertocat",
            "sender_type:User",
            "branch:master",
            "default_branch:false",
            "job_id:399444496",
            "job_name:build",
            "step_name:Run actions/cache@v2",
            "step_number:4",
            "conclusion:success",
            "status:completed",
            "runs_on:ubuntu-latest",
          ],
          "type": "count",
        },
        Object {
          "host": "github.com",
          "metric": "github.actions.step.conclusion.success_total",
          "points": Array [
            Array [
              1579542168,
              1,
            ],
          ],
          "tags": Array [
            "repository_owner:octocat",
            "repository_name:Hello-World",
            "workflow_id:30433642",
            "workflow_name:Build",
            "event:push",
            "sender:Codertocat",
            "sender_type:User",
            "branch:master",
            "default_branch:false",
            "job_id:399444496",
            "job_name:build",
            "step_name:Run actions/cache@v2",
            "step_number:4",
            "conclusion:success",
            "status:completed",
            "runs_on:ubuntu-latest",
          ],
          "type": "count",
        },
        Object {
          "host": "github.com",
          "metric": "github.actions.step.duration_second",
          "points": Array [
            Array [
              1579542168,
              3,
            ],
          ],
          "tags": Array [
            "repository_owner:octocat",
            "repository_name:Hello-World",
            "workflow_id:30433642",
            "workflow_name:Build",
            "event:push",
            "sender:Codertocat",
            "sender_type:User",
            "branch:master",
            "default_branch:false",
            "job_id:399444496",
            "job_name:build",
            "step_name:Run actions/cache@v2",
            "step_number:4",
            "conclusion:success",
            "status:completed",
            "runs_on:ubuntu-latest",
          ],
          "type": "gauge",
        },
        Object {
          "host": "github.com",
          "metric": "github.actions.step.total",
          "points": Array [
            Array [
              1579542172,
              1,
            ],
          ],
          "tags": Array [
            "repository_owner:octocat",
            "repository_name:Hello-World",
            "workflow_id:30433642",
            "workflow_name:Build",
            "event:push",
            "sender:Codertocat",
            "sender_type:User",
            "branch:master",
            "default_branch:false",
            "job_id:399444496",
            "job_name:build",
            "step_name:Install Bundler",
            "step_number:5",
            "conclusion:success",
            "status:completed",
            "runs_on:ubuntu-latest",
          ],
          "type": "count",
        },
        Object {
          "host": "github.com",
          "metric": "github.actions.step.conclusion.success_total",
          "points": Array [
            Array [
              1579542172,
              1,
            ],
          ],
          "tags": Array [
            "repository_owner:octocat",
            "repository_name:Hello-World",
            "workflow_id:30433642",
            "workflow_name:Build",
            "event:push",
            "sender:Codertocat",
            "sender_type:User",
            "branch:master",
            "default_branch:false",
            "job_id:399444496",
            "job_name:build",
            "step_name:Install Bundler",
            "step_number:5",
            "conclusion:success",
            "status:completed",
            "runs_on:ubuntu-latest",
          ],
          "type": "count",
        },
        Object {
          "host": "github.com",
          "metric": "github.actions.step.duration_second",
          "points": Array [
            Array [
              1579542172,
              4,
            ],
          ],
          "tags": Array [
            "repository_owner:octocat",
            "repository_name:Hello-World",
            "workflow_id:30433642",
            "workflow_name:Build",
            "event:push",
            "sender:Codertocat",
            "sender_type:User",
            "branch:master",
            "default_branch:false",
            "job_id:399444496",
            "job_name:build",
            "step_name:Install Bundler",
            "step_number:5",
            "conclusion:success",
            "status:completed",
            "runs_on:ubuntu-latest",
          ],
          "type": "gauge",
        },
        Object {
          "host": "github.com",
          "metric": "github.actions.step.total",
          "points": Array [
            Array [
              1579542173,
              1,
            ],
          ],
          "tags": Array [
            "repository_owner:octocat",
            "repository_name:Hello-World",
            "workflow_id:30433642",
            "workflow_name:Build",
            "event:push",
            "sender:Codertocat",
            "sender_type:User",
            "branch:master",
            "default_branch:false",
            "job_id:399444496",
            "job_name:build",
            "step_name:Install Gems",
            "step_number:6",
            "conclusion:success",
            "status:completed",
            "runs_on:ubuntu-latest",
          ],
          "type": "count",
        },
        Object {
          "host": "github.com",
          "metric": "github.actions.step.conclusion.success_total",
          "points": Array [
            Array [
              1579542173,
              1,
            ],
          ],
          "tags": Array [
            "repository_owner:octocat",
            "repository_name:Hello-World",
            "workflow_id:30433642",
            "workflow_name:Build",
            "event:push",
            "sender:Codertocat",
            "sender_type:User",
            "branch:master",
            "default_branch:false",
            "job_id:399444496",
            "job_name:build",
            "step_name:Install Gems",
            "step_number:6",
            "conclusion:success",
            "status:completed",
            "runs_on:ubuntu-latest",
          ],
          "type": "count",
        },
        Object {
          "host": "github.com",
          "metric": "github.actions.step.duration_second",
          "points": Array [
            Array [
              1579542173,
              1,
            ],
          ],
          "tags": Array [
            "repository_owner:octocat",
            "repository_name:Hello-World",
            "workflow_id:30433642",
            "workflow_name:Build",
            "event:push",
            "sender:Codertocat",
            "sender_type:User",
            "branch:master",
            "default_branch:false",
            "job_id:399444496",
            "job_name:build",
            "step_name:Install Gems",
            "step_number:6",
            "conclusion:success",
            "status:completed",
            "runs_on:ubuntu-latest",
          ],
          "type": "gauge",
        },
        Object {
          "host": "github.com",
          "metric": "github.actions.step.total",
          "points": Array [
            Array [
              1579542179,
              1,
            ],
          ],
          "tags": Array [
            "repository_owner:octocat",
            "repository_name:Hello-World",
            "workflow_id:30433642",
            "workflow_name:Build",
            "event:push",
            "sender:Codertocat",
            "sender_type:User",
            "branch:master",
            "default_branch:false",
            "job_id:399444496",
            "job_name:build",
            "step_name:Run Tests",
            "step_number:7",
            "conclusion:success",
            "status:completed",
            "runs_on:ubuntu-latest",
          ],
          "type": "count",
        },
        Object {
          "host": "github.com",
          "metric": "github.actions.step.conclusion.success_total",
          "points": Array [
            Array [
              1579542179,
              1,
            ],
          ],
          "tags": Array [
            "repository_owner:octocat",
            "repository_name:Hello-World",
            "workflow_id:30433642",
            "workflow_name:Build",
            "event:push",
            "sender:Codertocat",
            "sender_type:User",
            "branch:master",
            "default_branch:false",
            "job_id:399444496",
            "job_name:build",
            "step_name:Run Tests",
            "step_number:7",
            "conclusion:success",
            "status:completed",
            "runs_on:ubuntu-latest",
          ],
          "type": "count",
        },
        Object {
          "host": "github.com",
          "metric": "github.actions.step.duration_second",
          "points": Array [
            Array [
              1579542179,
              6,
            ],
          ],
          "tags": Array [
            "repository_owner:octocat",
            "repository_name:Hello-World",
            "workflow_id:30433642",
            "workflow_name:Build",
            "event:push",
            "sender:Codertocat",
            "sender_type:User",
            "branch:master",
            "default_branch:false",
            "job_id:399444496",
            "job_name:build",
            "step_name:Run Tests",
            "step_number:7",
            "conclusion:success",
            "status:completed",
            "runs_on:ubuntu-latest",
          ],
          "type": "gauge",
        },
        Object {
          "host": "github.com",
          "metric": "github.actions.step.total",
          "points": Array [
            Array [
              1579542279,
              1,
            ],
          ],
          "tags": Array [
            "repository_owner:octocat",
            "repository_name:Hello-World",
            "workflow_id:30433642",
            "workflow_name:Build",
            "event:push",
            "sender:Codertocat",
            "sender_type:User",
            "branch:master",
            "default_branch:false",
            "job_id:399444496",
            "job_name:build",
            "step_name:Deploy to Heroku",
            "step_number:8",
            "conclusion:success",
            "status:completed",
            "runs_on:ubuntu-latest",
          ],
          "type": "count",
        },
        Object {
          "host": "github.com",
          "metric": "github.actions.step.conclusion.success_total",
          "points": Array [
            Array [
              1579542279,
              1,
            ],
          ],
          "tags": Array [
            "repository_owner:octocat",
            "repository_name:Hello-World",
            "workflow_id:30433642",
            "workflow_name:Build",
            "event:push",
            "sender:Codertocat",
            "sender_type:User",
            "branch:master",
            "default_branch:false",
            "job_id:399444496",
            "job_name:build",
            "step_name:Deploy to Heroku",
            "step_number:8",
            "conclusion:success",
            "status:completed",
            "runs_on:ubuntu-latest",
          ],
          "type": "count",
        },
        Object {
          "host": "github.com",
          "metric": "github.actions.step.duration_second",
          "points": Array [
            Array [
              1579542279,
              100,
            ],
          ],
          "tags": Array [
            "repository_owner:octocat",
            "repository_name:Hello-World",
            "workflow_id:30433642",
            "workflow_name:Build",
            "event:push",
            "sender:Codertocat",
            "sender_type:User",
            "branch:master",
            "default_branch:false",
            "job_id:399444496",
            "job_name:build",
            "step_name:Deploy to Heroku",
            "step_number:8",
            "conclusion:success",
            "status:completed",
            "runs_on:ubuntu-latest",
          ],
          "type": "gauge",
        },
        Object {
          "host": "github.com",
          "metric": "github.actions.step.total",
          "points": Array [
            Array [
              1579542279,
              1,
            ],
          ],
          "tags": Array [
            "repository_owner:octocat",
            "repository_name:Hello-World",
            "workflow_id:30433642",
            "workflow_name:Build",
            "event:push",
            "sender:Codertocat",
            "sender_type:User",
            "branch:master",
            "default_branch:false",
            "job_id:399444496",
            "job_name:build",
            "step_name:Post actions/cache@v2",
            "step_number:16",
            "conclusion:success",
            "status:completed",
            "runs_on:ubuntu-latest",
          ],
          "type": "count",
        },
        Object {
          "host": "github.com",
          "metric": "github.actions.step.conclusion.success_total",
          "points": Array [
            Array [
              1579542279,
              1,
            ],
          ],
          "tags": Array [
            "repository_owner:octocat",
            "repository_name:Hello-World",
            "workflow_id:30433642",
            "workflow_name:Build",
            "event:push",
            "sender:Codertocat",
            "sender_type:User",
            "branch:master",
            "default_branch:false",
            "job_id:399444496",
            "job_name:build",
            "step_name:Post actions/cache@v2",
            "step_number:16",
            "conclusion:success",
            "status:completed",
            "runs_on:ubuntu-latest",
          ],
          "type": "count",
        },
        Object {
          "host": "github.com",
          "metric": "github.actions.step.duration_second",
          "points": Array [
            Array [
              1579542279,
              0,
            ],
          ],
          "tags": Array [
            "repository_owner:octocat",
            "repository_name:Hello-World",
            "workflow_id:30433642",
            "workflow_name:Build",
            "event:push",
            "sender:Codertocat",
            "sender_type:User",
            "branch:master",
            "default_branch:false",
            "job_id:399444496",
            "job_name:build",
            "step_name:Post actions/cache@v2",
            "step_number:16",
            "conclusion:success",
            "status:completed",
            "runs_on:ubuntu-latest",
          ],
          "type": "gauge",
        },
        Object {
          "host": "github.com",
          "metric": "github.actions.step.total",
          "points": Array [
            Array [
              1579542279,
              1,
            ],
          ],
          "tags": Array [
            "repository_owner:octocat",
            "repository_name:Hello-World",
            "workflow_id:30433642",
            "workflow_name:Build",
            "event:push",
            "sender:Codertocat",
            "sender_type:User",
            "branch:master",
            "default_branch:false",
            "job_id:399444496",
            "job_name:build",
            "step_name:Complete job",
            "step_number:17",
            "conclusion:success",
            "status:completed",
            "runs_on:ubuntu-latest",
          ],
          "type": "count",
        },
        Object {
          "host": "github.com",
          "metric": "github.actions.step.conclusion.success_total",
          "points": Array [
            Array [
              1579542279,
              1,
            ],
          ],
          "tags": Array [
            "repository_owner:octocat",
            "repository_name:Hello-World",
            "workflow_id:30433642",
            "workflow_name:Build",
            "event:push",
            "sender:Codertocat",
            "sender_type:User",
            "branch:master",
            "default_branch:false",
            "job_id:399444496",
            "job_name:build",
            "step_name:Complete job",
            "step_number:17",
            "conclusion:success",
            "status:completed",
            "runs_on:ubuntu-latest",
          ],
          "type": "count",
        },
        Object {
          "host": "github.com",
          "metric": "github.actions.step.duration_second",
          "points": Array [
            Array [
              1579542279,
              0,
            ],
          ],
          "tags": Array [
            "repository_owner:octocat",
            "repository_name:Hello-World",
            "workflow_id:30433642",
            "workflow_name:Build",
            "event:push",
            "sender:Codertocat",
            "sender_type:User",
            "branch:master",
            "default_branch:false",
            "job_id:399444496",
            "job_name:build",
            "step_name:Complete job",
            "step_number:17",
            "conclusion:success",
            "status:completed",
            "runs_on:ubuntu-latest",
          ],
          "type": "gauge",
        },
        Object {
          "host": "github.com",
          "metric": "github.actions.api_rate_limit.remaining",
          "points": Array [
            Array [
              1445412480,
              3999,
            ],
          ],
          "tags": Array [
            "repository_owner:Codertocat",
            "repository_name:Hello-World",
            "resource:core",
          ],
          "type": "gauge",
        },
        Object {
          "host": "github.com",
          "metric": "github.actions.api_rate_limit.limit",
          "points": Array [
            Array [
              1445412480,
              5000,
            ],
          ],
          "tags": Array [
            "repository_owner:Codertocat",
            "repository_name:Hello-World",
            "resource:core",
          ],
          "type": "gauge",
        },
        Object {
          "host": "github.com",
          "metric": "github.actions.api_rate_limit.remaining",
          "points": Array [
            Array [
              1445412480,
              999,
            ],
          ],
          "tags": Array [
            "repository_owner:Codertocat",
            "repository_name:Hello-World",
            "resource:search",
          ],
          "type": "gauge",
        },
        Object {
          "host": "github.com",
          "metric": "github.actions.api_rate_limit.limit",
          "points": Array [
            Array [
              1445412480,
              6000,
            ],
          ],
          "tags": Array [
            "repository_owner:Codertocat",
            "repository_name:Hello-World",
            "resource:search",
          ],
          "type": "gauge",
        },
        Object {
          "host": "github.com",
          "metric": "github.actions.api_rate_limit.remaining",
          "points": Array [
            Array [
              1445412480,
              4999,
            ],
          ],
          "tags": Array [
            "repository_owner:Codertocat",
            "repository_name:Hello-World",
            "resource:graphql",
          ],
          "type": "gauge",
        },
        Object {
          "host": "github.com",
          "metric": "github.actions.api_rate_limit.limit",
          "points": Array [
            Array [
              1445412480,
              7000,
            ],
          ],
          "tags": Array [
            "repository_owner:Codertocat",
            "repository_name:Hello-World",
            "resource:graphql",
          ],
          "type": "gauge",
        },
      ],
    },
  },
]
`;
